*******************************************
***COMSOL 6.0.0.318 progress output file***
*******************************************
Wed Jul 15 15:16:13 CST 2026
COMSOL Multiphysics 6.0 (开发版本: 318) 在批处理模式下启动
正在运行: G:\fg-meet-workbench\tools\comsol\RunInverseSensorCfffValidation.class
---------- 当前进度: 100 % - 正在更新选择
Memory: 404/405 455/456
           当前进度:   0 % - 长方体 1
Memory: 409/409 461/461
           当前进度:   5 % - 长方体 2
Memory: 415/415 464/468
-          当前进度:  10 % - 长方体 3
-          当前进度:  15 % - 长方体 4
--         当前进度:  20 % - 长方体 5
--         当前进度:  25 % - 长方体 6
---        当前进度:  30 % - 长方体 7
---        当前进度:  35 % - 长方体 8
----       当前进度:  40 % - 长方体 9
Memory: 416/416 464/468
----       当前进度:  45 % - 长方体 10
-----      当前进度:  50 % - 形成联合体
-----      当前进度:  50 % - 执行布尔操作
Memory: 418/418 464/468
---------- 当前进度: 100 % - 正在更新选择
---------- 当前进度: 100 % - 正在创建可视化网格
Memory: 420/420 465/468
           当前进度:   0 % - 映射 1
Memory: 617/631 689/705
顶点单元数：4
边单元数：60
---        当前进度:  30 % - 正在定型网格
Memory: 620/631 691/705
---        当前进度:  30 % - 扫掠 1
Memory: 622/631 693/705
顶点单元数：44
边单元数：860
边界单元数：5475
单元数：11250
最小单元质量：1
---------- 当前进度: 100 % - 正在定型网格
Memory: 629/631 702/705
<---- 研究 1/解 1 (sol1) 中的“编译方程: 稳态” ---------------------------------------------
开始于 2026年7月15日 下午3:16:24。
几何形函数: 二次巧凑边点单元
在 12th Gen Intel(R) Core(TM) i7-12800HX 上运行。
在以下位置使用 1 个插槽： Cybing 上（共 24 个内核）。
可用内存：32.51 GB。
           当前进度:   5 % - 编译方程: 稳态
Memory: 722/735 771/794
           当前进度:   5 % - 正在创建可视化网格
Memory: 736/740 784/794
时间：2。
物理内存: 761 MB
虚拟内存: 809 MB
结束时间：2026年7月15日 下午3:16:26。
----- 研究 1/解 1 (sol1) 中的“编译方程: 稳态” -------------------------------------------->
<---- 研究 1/解 1 (sol1) 中的“因变量 1” ------------------------------------------------
开始于 2026年7月15日 下午3:16:26。
           当前进度:   5 % - 因变量 1
Memory: 780/780 818/818
求解时间：0 s。
物理内存: 780 MB
虚拟内存: 818 MB
结束时间：2026年7月15日 下午3:16:26。
----- 研究 1/解 1 (sol1) 中的“因变量 1” ----------------------------------------------->
<---- 研究 1/解 1 (sol1) 中的“稳态求解器 1” ----------------------------------------------
开始于 2026年7月15日 下午3:16:26。
线性求解器 
求解的自由度数：151008。
-          当前进度:  19 % - 组装稀疏模式
Memory: 1054/1516 1267/1790
--         当前进度:  22 % - 组装矩阵
Memory: 1358/1516 1541/1790
--         当前进度:  22 % - 
Memory: 1293/1691 1474/1873
找到对称矩阵。
缩放因变量：
位移场 (comp1.u): 1
已使用正交零空间函数。
---        当前进度:  37 % - 约束处理
Memory: 1072/1691 1251/1873
---        当前进度:  37 % - 矩阵分解
Memory: 1199/1691 1379/1873
----       当前进度:  49 % - 矩阵分解
Memory: 2108/2222 4059/4059
-----      当前进度:  57 % - 矩阵分解
Memory: 2332/2332 4062/4062
------     当前进度:  64 % - 矩阵分解
Memory: 2499/2499 4063/4063
------     当前进度:  69 % - 矩阵分解
Memory: 2615/2615 4066/4066
-------    当前进度:  70 % - 矩阵分解
Memory: 2664/2664 4067/4067
-------    当前进度:  74 % - 矩阵分解
Memory: 2754/2754 4067/4067
-------    当前进度:  76 % - 矩阵分解
Memory: 2828/2828 4073/4073
-------    当前进度:  77 % - 矩阵分解
Memory: 2891/2891 4076/4076
--------   当前进度:  80 % - 矩阵分解
Memory: 2939/2939 4076/4076
--------   当前进度:  81 % - 矩阵分解
Memory: 2978/2978 4076/4076
--------   当前进度:  83 % - 矩阵分解
Memory: 3017/3017 4076/4076
--------   当前进度:  84 % - 矩阵分解
Memory: 3053/3053 4077/4077
--------   当前进度:  86 % - 矩阵分解
Memory: 3075/3075 4077/4078
--------   当前进度:  87 % - 矩阵分解
Memory: 3100/3100 4078/4078
--------   当前进度:  88 % - 矩阵分解
Memory: 3127/3127 4078/4078
--------   当前进度:  89 % - 矩阵分解
Memory: 3146/3146 4079/4079
---------  当前进度:  90 % - 矩阵分解
Memory: 3153/3153 4079/4079
Iter      SolEst     Damping    Stepsize #Res #Jac #Sol   LinErr   LinRes
   1        0.61   1.0000000        0.61    1    1    1  1.7e-06  2.3e-06
---------- 当前进度: 100 % - 求解线性方程组
Memory: 3087/3176 4007/4097
求解时间：10 s。
物理内存: 3.16 GB
虚拟内存: 4.08 GB
结束时间：2026年7月15日 下午3:16:36。
----- 研究 1/解 1 (sol1) 中的“稳态求解器 1” --------------------------------------------->
类运行时: 24 s.
正在保存模型: G:\fg-meet-workbench\outputs\paper-20260715-fgmee\experiments\inverse_sensing\comsol_inverse_sensor_15x15x5_Model.mph
保存时间: 0 s.
总时间: 24 s.
---------- 当前进度: 100 % - 完成
Memory: 881/3176 1422/4097
