*******************************************
***COMSOL 6.0.0.318 progress output file***
*******************************************
Wed Jul 15 15:17:00 CST 2026
COMSOL Multiphysics 6.0 (开发版本: 318) 在批处理模式下启动
正在运行: G:\fg-meet-workbench\tools\comsol\RunInverseSensorCfffValidation.class
---------- 当前进度: 100 % - 正在更新选择
Memory: 406/424 454/474
           当前进度:   0 % - 长方体 1
Memory: 421/424 469/474
           当前进度:   5 % - 长方体 2
Memory: 427/427 472/476
-          当前进度:  10 % - 长方体 3
-          当前进度:  15 % - 长方体 4
--         当前进度:  20 % - 长方体 5
--         当前进度:  25 % - 长方体 6
---        当前进度:  30 % - 长方体 7
---        当前进度:  35 % - 长方体 8
----       当前进度:  40 % - 长方体 9
----       当前进度:  45 % - 长方体 10
Memory: 427/427 473/476
-----      当前进度:  50 % - 形成联合体
-----      当前进度:  50 % - 执行布尔操作
Memory: 429/429 473/476
---------- 当前进度: 100 % - 正在更新选择
Memory: 430/430 473/476
---------- 当前进度: 100 % - 正在创建可视化网格
Memory: 433/433 475/476
           当前进度:   0 % - 映射 1
Memory: 602/616 663/677
顶点单元数：4
边单元数：80
---        当前进度:  30 % - 正在定型网格
Memory: 604/616 664/677
---        当前进度:  30 % - 扫掠 1
Memory: 604/616 665/677
顶点单元数：44
边单元数：1080
边界单元数：8400
单元数：20000
最小单元质量：1
---------- 当前进度: 100 % - 正在定型网格
Memory: 613/616 678/680
<---- 研究 1/解 1 (sol1) 中的“编译方程: 稳态” ---------------------------------------------
开始于 2026年7月15日 下午3:17:10。
几何形函数: 二次巧凑边点单元
在 12th Gen Intel(R) Core(TM) i7-12800HX 上运行。
在以下位置使用 1 个插槽： Cybing 上（共 24 个内核）。
可用内存：32.51 GB。
           当前进度:   5 % - 编译方程: 稳态
Memory: 699/718 752/778
           当前进度:   5 % - 正在创建可视化网格
Memory: 718/718 772/778
时间：2。
物理内存: 722 MB
虚拟内存: 775 MB
结束时间：2026年7月15日 下午3:17:12。
----- 研究 1/解 1 (sol1) 中的“编译方程: 稳态” -------------------------------------------->
<---- 研究 1/解 1 (sol1) 中的“因变量 1” ------------------------------------------------
开始于 2026年7月15日 下午3:17:12。
           当前进度:   5 % - 因变量 1
Memory: 752/753 796/796
求解时间：0 s。
物理内存: 752 MB
虚拟内存: 796 MB
结束时间：2026年7月15日 下午3:17:12。
----- 研究 1/解 1 (sol1) 中的“因变量 1” ----------------------------------------------->
<---- 研究 1/解 1 (sol1) 中的“稳态求解器 1” ----------------------------------------------
开始于 2026年7月15日 下午3:17:12。
线性求解器 
求解的自由度数：262143。
-          当前进度:  19 % - 组装稀疏模式
Memory: 2071/2071 2459/2459
--         当前进度:  21 % - 组装稀疏模式
Memory: 1450/2195 1657/2565
--         当前进度:  21 % - 组装矩阵
Memory: 2411/2411 2606/2606
---        当前进度:  34 % - 组装矩阵
Memory: 1898/2411 2090/2606
---        当前进度:  34 % - 
Memory: 1500/2411 1690/2606
---        当前进度:  37 % - 
Memory: 1496/2411 1700/2606
找到对称矩阵。
缩放因变量：
位移场 (comp1.u): 1
已使用正交零空间函数。
---        当前进度:  37 % - 约束处理
Memory: 1153/2411 1358/2606
---        当前进度:  37 % - 矩阵分解
Memory: 1367/2411 1594/2606
---        当前进度:  38 % - 矩阵分解
Memory: 2556/3217 6946/6946
----       当前进度:  43 % - 矩阵分解
Memory: 2862/3217 7002/7002
----       当前进度:  47 % - 矩阵分解
Memory: 3106/3217 7009/7009
-----      当前进度:  51 % - 矩阵分解
Memory: 3337/3337 7020/7020
-----      当前进度:  53 % - 矩阵分解
Memory: 3528/3528 7028/7028
-----      当前进度:  56 % - 矩阵分解
Memory: 3693/3693 7038/7038
-----      当前进度:  58 % - 矩阵分解
Memory: 3827/3827 7045/7045
------     当前进度:  61 % - 矩阵分解
Memory: 3954/3954 7048/7048
------     当前进度:  62 % - 矩阵分解
Memory: 4063/4063 7058/7058
------     当前进度:  64 % - 矩阵分解
Memory: 4155/4155 7061/7061
------     当前进度:  65 % - 矩阵分解
Memory: 4244/4244 7063/7063
------     当前进度:  66 % - 矩阵分解
Memory: 4325/4325 7063/7063
------     当前进度:  68 % - 矩阵分解
Memory: 4405/4405 7064/7064
-------    当前进度:  70 % - 矩阵分解
Memory: 4499/4499 7064/7064
-------    当前进度:  71 % - 矩阵分解
Memory: 4641/4641 7067/7067
-------    当前进度:  72 % - 矩阵分解
Memory: 4704/4704 7067/7067
-------    当前进度:  74 % - 矩阵分解
Memory: 4758/4758 7067/7067
-------    当前进度:  75 % - 矩阵分解
Memory: 4860/4860 7067/7067
-------    当前进度:  76 % - 矩阵分解
Memory: 4938/4938 7067/7067
-------    当前进度:  77 % - 矩阵分解
Memory: 5062/5062 7086/7086
--------   当前进度:  80 % - 矩阵分解
Memory: 5169/5169 7088/7092
--------   当前进度:  81 % - 矩阵分解
Memory: 5242/5242 7088/7092
--------   当前进度:  83 % - 矩阵分解
Memory: 5367/5367 7088/7092
--------   当前进度:  84 % - 矩阵分解
Memory: 5432/5432 7088/7092
--------   当前进度:  86 % - 矩阵分解
Memory: 5508/5508 7088/7092
--------   当前进度:  87 % - 矩阵分解
Memory: 5571/5571 7088/7092
--------   当前进度:  88 % - 矩阵分解
Memory: 5633/5633 7088/7092
--------   当前进度:  89 % - 矩阵分解
Memory: 5685/5685 7088/7092
---------  当前进度:  90 % - 矩阵分解
Memory: 5718/5718 7088/7092
Iter      SolEst     Damping    Stepsize #Res #Jac #Sol   LinErr   LinRes
---------- 当前进度: 100 % - 求解线性方程组
Memory: 5652/5739 7001/7092
   1        0.61   1.0000000        0.61    1    1    1    1e-06  2.6e-06
求解时间：22 s。
物理内存: 5.74 GB
虚拟内存: 7.09 GB
结束时间：2026年7月15日 下午3:17:35。
----- 研究 1/解 1 (sol1) 中的“稳态求解器 1” --------------------------------------------->
类运行时: 35 s.
正在保存模型: G:\fg-meet-workbench\outputs\paper-20260715-fgmee\experiments\inverse_sensing\comsol_inverse_sensor_20x20x5_Model.mph
保存时间: 0 s.
总时间: 36 s.
---------- 当前进度: 100 % - 完成
Memory: 949/5739 1526/7092
