*******************************************
***COMSOL 6.0.0.318 progress output file***
*******************************************
Wed Jul 15 15:11:38 CST 2026
COMSOL Multiphysics 6.0 (开发版本: 318) 在批处理模式下启动
正在运行: G:\fg-meet-workbench\tools\comsol\RunInverseSensorCfffValidation.class
---------- 当前进度: 100 % - 正在更新选择
Memory: 436/444 486/494
           当前进度:   0 % - 长方体 1
Memory: 443/444 492/494
           当前进度:   5 % - 长方体 2
Memory: 451/451 498/499
-          当前进度:  10 % - 长方体 3
Memory: 451/452 498/499
-          当前进度:  15 % - 长方体 4
--         当前进度:  20 % - 长方体 5
--         当前进度:  25 % - 长方体 6
---        当前进度:  30 % - 长方体 7
---        当前进度:  35 % - 长方体 8
----       当前进度:  40 % - 长方体 9
----       当前进度:  45 % - 长方体 10
-----      当前进度:  50 % - 形成联合体
Memory: 452/452 499/499
-----      当前进度:  50 % - 执行布尔操作
Memory: 458/458 504/504
---------- 当前进度: 100 % - 正在更新选择
Memory: 456/458 501/504
---------- 当前进度: 100 % - 正在创建可视化网格
Memory: 462/462 506/506
           当前进度:   0 % - 映射 1
Memory: 640/648 680/688
顶点单元数：4
边单元数：40
---        当前进度:  30 % - 正在定型网格
Memory: 642/648 681/688
---        当前进度:  30 % - 扫掠 1
Memory: 644/648 688/688
顶点单元数：44
边单元数：480
边界单元数：1500
单元数：1000
最小单元质量：1
---------- 当前进度: 100 % - 正在定型网格
Memory: 644/653 688/694
<---- 研究 1/解 1 (sol1) 中的“编译方程: 稳态” ---------------------------------------------
开始于 2026年7月15日 下午3:11:48。
几何形函数: 二次巧凑边点单元
在 12th Gen Intel(R) Core(TM) i7-12800HX 上运行。
在以下位置使用 1 个插槽： Cybing 上（共 24 个内核）。
可用内存：32.51 GB。
           当前进度:   5 % - 编译方程: 稳态
Memory: 755/758 794/798
           当前进度:   5 % - 正在创建可视化网格
Memory: 775/775 816/817
时间：2。
物理内存: 783 MB
虚拟内存: 826 MB
结束时间：2026年7月15日 下午3:11:50。
----- 研究 1/解 1 (sol1) 中的“编译方程: 稳态” -------------------------------------------->
<---- 研究 1/解 1 (sol1) 中的“因变量 1” ------------------------------------------------
开始于 2026年7月15日 下午3:11:50。
           当前进度:   5 % - 因变量 1
Memory: 774/785 811/826
求解时间：0 s。
物理内存: 774 MB
虚拟内存: 814 MB
结束时间：2026年7月15日 下午3:11:50。
----- 研究 1/解 1 (sol1) 中的“因变量 1” ----------------------------------------------->
<---- 研究 1/解 1 (sol1) 中的“稳态求解器 1” ----------------------------------------------
开始于 2026年7月15日 下午3:11:50。
线性求解器 
求解的自由度数：14883。
--         当前进度:  22 % - 组装矩阵
Memory: 865/868 971/973
找到对称矩阵。
缩放因变量：
位移场 (comp1.u): 1
已使用正交零空间函数。
---        当前进度:  37 % - 矩阵分解
Memory: 872/872 972/973
Iter      SolEst     Damping    Stepsize #Res #Jac #Sol   LinErr   LinRes
---------- 当前进度: 100 % - 求解线性方程组
Memory: 941/941 1350/1350
   1        0.62   1.0000000        0.62    1    1    1  1.4e-07    2e-07
求解时间：2 s。
物理内存: 941 MB
虚拟内存: 1350 MB
结束时间：2026年7月15日 下午3:11:52。
----- 研究 1/解 1 (sol1) 中的“稳态求解器 1” --------------------------------------------->
类运行时: 15 s.
正在保存模型: G:\fg-meet-workbench\outputs\paper-20260715-fgmee\experiments\inverse_sensing\comsol_inverse_sensor_10x10x1_smoke_Model.mph
保存时间: 0 s.
总时间: 15 s.
---------- 当前进度: 100 % - 完成
Memory: 765/941 1123/1350
