*******************************************
***COMSOL 6.0.0.318 progress output file***
*******************************************
Wed Jul 15 16:36:20 CST 2026
COMSOL Multiphysics 6.0 (开发版本: 318) 在批处理模式下启动
正在运行: G:\fg-meet-workbench\tools\comsol\RunIsomorphicSolidCfffValidation.class
---------- 当前进度: 100 % - 正在更新选择
Memory: 444/450 501/505
           当前进度:   0 % - 长方体 1
Memory: 460/460 515/515
           当前进度:   5 % - 长方体 2
Memory: 464/464 515/520
-          当前进度:  10 % - 长方体 3
-          当前进度:  15 % - 长方体 4
--         当前进度:  20 % - 长方体 5
Memory: 464/464 516/520
--         当前进度:  25 % - 长方体 6
Memory: 470/470 516/520
---        当前进度:  30 % - 长方体 7
---        当前进度:  35 % - 长方体 8
----       当前进度:  40 % - 长方体 9
----       当前进度:  45 % - 长方体 10
-----      当前进度:  50 % - 形成联合体
-----      当前进度:  50 % - 执行布尔操作
Memory: 472/472 516/520
---------- 当前进度: 100 % - 正在更新选择
---------- 当前进度: 100 % - 正在创建可视化网格
Memory: 474/474 517/520
           当前进度:   0 % - 映射 1
Memory: 652/663 690/701
顶点单元数：4
边单元数：40
---        当前进度:  30 % - 正在定型网格
Memory: 653/663 691/701
---        当前进度:  30 % - 扫掠 1
Memory: 654/663 691/701
顶点单元数：44
边单元数：480
边界单元数：1500
单元数：1000
最小单元质量：1
---------- 当前进度: 100 % - 正在定型网格
Memory: 656/663 695/701
<---- 研究 1/解 1 (sol1) 中的“编译方程: 稳态” ---------------------------------------------
开始于 2026年7月15日 下午4:36:30。
几何形函数: 二次巧凑边点单元
在 12th Gen Intel(R) Core(TM) i7-12800HX 上运行。
在以下位置使用 1 个插槽： Cybing 上（共 24 个内核）。
可用内存：32.51 GB。
           当前进度:   5 % - 编译方程: 稳态
Memory: 823/825 926/929
           当前进度:   5 % - 正在创建可视化网格
Memory: 874/875 930/932
时间：2。
物理内存: 878 MB
虚拟内存: 935 MB
结束时间：2026年7月15日 下午4:36:32。
----- 研究 1/解 1 (sol1) 中的“编译方程: 稳态” -------------------------------------------->
<---- 研究 1/解 1 (sol1) 中的“因变量 1” ------------------------------------------------
开始于 2026年7月15日 下午4:36:32。
           当前进度:   5 % - 因变量 1
Memory: 880/882 933/935
求解时间：0 s。
物理内存: 880 MB
虚拟内存: 935 MB
结束时间：2026年7月15日 下午4:36:32。
----- 研究 1/解 1 (sol1) 中的“因变量 1” ----------------------------------------------->
<---- 研究 1/解 1 (sol1) 中的“稳态求解器 1” ----------------------------------------------
开始于 2026年7月15日 下午4:36:32。
线性求解器 
求解的自由度数：14883。
--         当前进度:  22 % - 组装矩阵
Memory: 981/981 1108/1108
找到对称矩阵。
缩放因变量：
位移场 (comp1.u): 1
已使用正交零空间函数。
---        当前进度:  37 % - 矩阵分解
Memory: 981/981 1115/1115
--------   当前进度:  85 % - 矩阵分解
Memory: 919/1020 1396/1396
Iter      SolEst     Damping    Stepsize #Res #Jac #Sol   LinErr   LinRes
   1        0.63   1.0000000        0.63    1    1    1  1.8e-07  9.4e-10
---------- 当前进度: 100 % - 求解线性方程组
Memory: 781/1020 1205/1397
求解时间：2 s。
物理内存: 981 MB
虚拟内存: 1396 MB
结束时间：2026年7月15日 下午4:36:34。
----- 研究 1/解 1 (sol1) 中的“稳态求解器 1” --------------------------------------------->
类运行时: 14 s.
正在保存模型: G:\fg-meet-workbench\outputs\paper-20260715-fgmee\experiments\isomorphic_solid\comsol\comsol_isomorphic_magnetic_external_stress_10x_Model.mph
保存时间: 0 s.
总时间: 15 s.
---------- 当前进度: 100 % - 完成
Memory: 840/1020 1263/1397
