*******************************************
***COMSOL 6.0.0.318 progress output file***
*******************************************
Wed Jul 15 16:37:29 CST 2026
COMSOL Multiphysics 6.0 (开发版本: 318) 在批处理模式下启动
正在运行: G:\fg-meet-workbench\tools\comsol\RunIsomorphicSolidCfffValidation.class
---------- 当前进度: 100 % - 正在更新选择
Memory: 454/466 510/521
           当前进度:   0 % - 长方体 1
Memory: 460/466 515/521
           当前进度:   5 % - 长方体 2
Memory: 466/470 519/523
-          当前进度:  10 % - 长方体 3
Memory: 467/470 520/523
-          当前进度:  15 % - 长方体 4
--         当前进度:  20 % - 长方体 5
Memory: 471/471 524/524
--         当前进度:  25 % - 长方体 6
---        当前进度:  30 % - 长方体 7
---        当前进度:  35 % - 长方体 8
----       当前进度:  40 % - 长方体 9
Memory: 472/472 524/524
----       当前进度:  45 % - 长方体 10
Memory: 472/472 525/525
-----      当前进度:  50 % - 形成联合体
-----      当前进度:  50 % - 执行布尔操作
Memory: 474/474 525/525
---------- 当前进度: 100 % - 正在更新选择
Memory: 475/475 525/525
---------- 当前进度: 100 % - 正在创建可视化网格
Memory: 475/475 523/525
           当前进度:   0 % - 映射 1
Memory: 614/634 658/681
顶点单元数：4
边单元数：80
---        当前进度:  30 % - 正在定型网格
Memory: 616/634 658/681
---        当前进度:  30 % - 扫掠 1
Memory: 615/634 660/681
顶点单元数：44
边单元数：920
边界单元数：5200
单元数：4000
最小单元质量：1
---------- 当前进度: 100 % - 正在定型网格
Memory: 624/634 669/681
<---- 研究 1/解 1 (sol1) 中的“编译方程: 稳态” ---------------------------------------------
开始于 2026年7月15日 下午4:37:40。
几何形函数: 二次巧凑边点单元
在 12th Gen Intel(R) Core(TM) i7-12800HX 上运行。
在以下位置使用 1 个插槽： Cybing 上（共 24 个内核）。
可用内存：32.51 GB。
           当前进度:   5 % - 编译方程: 稳态
Memory: 702/729 740/771
           当前进度:   5 % - 正在创建可视化网格
Memory: 733/733 770/771
时间：2。
物理内存: 742 MB
虚拟内存: 781 MB
结束时间：2026年7月15日 下午4:37:42。
----- 研究 1/解 1 (sol1) 中的“编译方程: 稳态” -------------------------------------------->
<---- 研究 1/解 1 (sol1) 中的“因变量 1” ------------------------------------------------
开始于 2026年7月15日 下午4:37:42。
           当前进度:   5 % - 因变量 1
Memory: 716/743 754/781
求解时间：0 s。
物理内存: 731 MB
虚拟内存: 769 MB
结束时间：2026年7月15日 下午4:37:42。
----- 研究 1/解 1 (sol1) 中的“因变量 1” ----------------------------------------------->
<---- 研究 1/解 1 (sol1) 中的“稳态求解器 1” ----------------------------------------------
开始于 2026年7月15日 下午4:37:42。
线性求解器 
求解的自由度数：55503。
-          当前进度:  19 % - 组装稀疏模式
Memory: 911/934 1073/1129
--         当前进度:  22 % - 组装矩阵
Memory: 910/1015 1069/1161
---        当前进度:  37 % - 
Memory: 880/1015 1039/1161
找到对称矩阵。
缩放因变量：
位移场 (comp1.u): 1
已使用正交零空间函数。
---        当前进度:  37 % - 矩阵分解
Memory: 776/1015 934/1161
-----      当前进度:  57 % - 矩阵分解
Memory: 1154/1154 2000/2000
-------    当前进度:  72 % - 矩阵分解
Memory: 1273/1273 2018/2018
--------   当前进度:  81 % - 矩阵分解
Memory: 1329/1329 2027/2027
--------   当前进度:  87 % - 矩阵分解
Memory: 1369/1369 2033/2033
--------   当前进度:  89 % - 矩阵分解
Memory: 1377/1377 2033/2033
Iter      SolEst     Damping    Stepsize #Res #Jac #Sol   LinErr   LinRes
---------- 当前进度: 100 % - 求解线性方程组
Memory: 1353/1378 2009/2035
   1        0.64   1.0000000        0.64    1    1    1    2e-07  7.3e-10
求解时间：5 s。
物理内存: 1.38 GB
虚拟内存: 2.03 GB
结束时间：2026年7月15日 下午4:37:47。
----- 研究 1/解 1 (sol1) 中的“稳态求解器 1” --------------------------------------------->
类运行时: 18 s.
正在保存模型: G:\fg-meet-workbench\outputs\paper-20260715-fgmee\experiments\isomorphic_solid\comsol\comsol_isomorphic_electric_equivalent_stress_20x_Model.mph
保存时间: 0 s.
总时间: 18 s.
---------- 当前进度: 100 % - 完成
Memory: 848/1378 1360/2035
