*******************************************
***COMSOL 6.0.0.318 progress output file***
*******************************************
Wed Jul 15 16:36:42 CST 2026
COMSOL Multiphysics 6.0 (开发版本: 318) 在批处理模式下启动
正在运行: G:\fg-meet-workbench\tools\comsol\RunIsomorphicSolidCfffValidation.class
---------- 当前进度: 100 % - 正在更新选择
Memory: 460/476 506/522
           当前进度:   0 % - 长方体 1
Memory: 468/476 513/522
           当前进度:   5 % - 长方体 2
Memory: 474/476 516/522
-          当前进度:  10 % - 长方体 3
-          当前进度:  15 % - 长方体 4
--         当前进度:  20 % - 长方体 5
--         当前进度:  25 % - 长方体 6
---        当前进度:  30 % - 长方体 7
---        当前进度:  35 % - 长方体 8
----       当前进度:  40 % - 长方体 9
----       当前进度:  45 % - 长方体 10
Memory: 474/476 517/522
-----      当前进度:  50 % - 形成联合体
-----      当前进度:  50 % - 执行布尔操作
Memory: 476/477 517/522
---------- 当前进度: 100 % - 正在更新选择
Memory: 478/478 518/522
---------- 当前进度: 100 % - 正在创建可视化网格
Memory: 483/483 522/522
           当前进度:   0 % - 映射 1
Memory: 679/679 734/735
顶点单元数：4
边单元数：60
---        当前进度:  30 % - 正在定型网格
Memory: 678/679 732/735
---        当前进度:  30 % - 扫掠 1
顶点单元数：44
边单元数：700
边界单元数：3075
单元数：2250
最小单元质量：1
---------- 当前进度: 100 % - 正在定型网格
Memory: 680/680 736/736
<---- 研究 1/解 1 (sol1) 中的“编译方程: 稳态” ---------------------------------------------
开始于 2026年7月15日 下午4:36:53。
几何形函数: 二次巧凑边点单元
在 12th Gen Intel(R) Core(TM) i7-12800HX 上运行。
在以下位置使用 1 个插槽： Cybing 上（共 24 个内核）。
可用内存：32.51 GB。
           当前进度:   5 % - 编译方程: 稳态
Memory: 741/750 789/801
           当前进度:   5 % - 正在创建可视化网格
Memory: 748/750 794/801
时间：2。
物理内存: 754 MB
虚拟内存: 801 MB
结束时间：2026年7月15日 下午4:36:55。
----- 研究 1/解 1 (sol1) 中的“编译方程: 稳态” -------------------------------------------->
<---- 研究 1/解 1 (sol1) 中的“因变量 1” ------------------------------------------------
开始于 2026年7月15日 下午4:36:55。
           当前进度:   5 % - 因变量 1
Memory: 755/758 795/801
求解时间：0 s。
物理内存: 758 MB
虚拟内存: 798 MB
结束时间：2026年7月15日 下午4:36:55。
----- 研究 1/解 1 (sol1) 中的“因变量 1” ----------------------------------------------->
<---- 研究 1/解 1 (sol1) 中的“稳态求解器 1” ----------------------------------------------
开始于 2026年7月15日 下午4:36:55。
线性求解器 
求解的自由度数：31968。
-          当前进度:  19 % - 组装稀疏模式
Memory: 810/889 950/1033
--         当前进度:  22 % - 组装矩阵
Memory: 890/899 1019/1033
找到对称矩阵。
缩放因变量：
位移场 (comp1.u): 1
已使用正交零空间函数。
---        当前进度:  37 % - 矩阵分解
Memory: 740/899 903/1033
-------    当前进度:  71 % - 矩阵分解
Memory: 991/991 1616/1616
--------   当前进度:  83 % - 矩阵分解
Memory: 1037/1037 1622/1622
---------  当前进度:  90 % - 矩阵分解
Memory: 1042/1042 1622/1622
Iter      SolEst     Damping    Stepsize #Res #Jac #Sol   LinErr   LinRes
---------- 当前进度: 100 % - 求解线性方程组
Memory: 1030/1043 1608/1623
   1        0.64   1.0000000        0.64    1    1    1  8.4e-09  7.9e-10
求解时间：3 s。
物理内存: 1.04 GB
虚拟内存: 1.62 GB
结束时间：2026年7月15日 下午4:36:58。
----- 研究 1/解 1 (sol1) 中的“稳态求解器 1” --------------------------------------------->
类运行时: 16 s.
正在保存模型: G:\fg-meet-workbench\outputs\paper-20260715-fgmee\experiments\isomorphic_solid\comsol\comsol_isomorphic_electric_equivalent_stress_15x_Model.mph
保存时间: 0 s.
总时间: 16 s.
---------- 当前进度: 100 % - 完成
Memory: 825/1043 1308/1623
