*******************************************
***COMSOL 6.0.0.318 progress output file***
*******************************************
Wed Jul 15 16:37:54 CST 2026
COMSOL Multiphysics 6.0 (开发版本: 318) 在批处理模式下启动
正在运行: G:\fg-meet-workbench\tools\comsol\RunIsomorphicSolidCfffValidation.class
---------- 当前进度: 100 % - 正在更新选择
Memory: 407/425 450/467
           当前进度:   0 % - 长方体 1
Memory: 425/425 467/467
           当前进度:   5 % - 长方体 2
Memory: 431/431 470/474
-          当前进度:  10 % - 长方体 3
-          当前进度:  15 % - 长方体 4
--         当前进度:  20 % - 长方体 5
--         当前进度:  25 % - 长方体 6
---        当前进度:  30 % - 长方体 7
---        当前进度:  35 % - 长方体 8
----       当前进度:  40 % - 长方体 9
----       当前进度:  45 % - 长方体 10
-----      当前进度:  50 % - 形成联合体
-----      当前进度:  50 % - 执行布尔操作
Memory: 433/433 470/474
---------- 当前进度: 100 % - 正在更新选择
---------- 当前进度: 100 % - 正在创建可视化网格
Memory: 433/433 469/474
           当前进度:   0 % - 映射 1
Memory: 685/690 735/742
顶点单元数：4
边单元数：80
---        当前进度:  30 % - 正在定型网格
Memory: 689/690 738/742
---        当前进度:  30 % - 扫掠 1
Memory: 695/695 744/744
顶点单元数：44
边单元数：920
边界单元数：5200
单元数：4000
最小单元质量：1
---------- 当前进度: 100 % - 正在定型网格
Memory: 695/698 746/749
<---- 研究 1/解 1 (sol1) 中的“编译方程: 稳态” ---------------------------------------------
开始于 2026年7月15日 下午4:38:05。
几何形函数: 二次巧凑边点单元
在 12th Gen Intel(R) Core(TM) i7-12800HX 上运行。
在以下位置使用 1 个插槽： Cybing 上（共 24 个内核）。
可用内存：32.51 GB。
           当前进度:   5 % - 编译方程: 稳态
Memory: 731/747 771/793
           当前进度:   5 % - 正在创建可视化网格
Memory: 746/749 786/793
时间：2。
物理内存: 752 MB
虚拟内存: 791 MB
结束时间：2026年7月15日 下午4:38:07。
----- 研究 1/解 1 (sol1) 中的“编译方程: 稳态” -------------------------------------------->
<---- 研究 1/解 1 (sol1) 中的“因变量 1” ------------------------------------------------
开始于 2026年7月15日 下午4:38:07。
           当前进度:   5 % - 因变量 1
Memory: 755/758 791/795
求解时间：0 s。
物理内存: 757 MB
虚拟内存: 793 MB
结束时间：2026年7月15日 下午4:38:07。
----- 研究 1/解 1 (sol1) 中的“因变量 1” ----------------------------------------------->
<---- 研究 1/解 1 (sol1) 中的“稳态求解器 1” ----------------------------------------------
开始于 2026年7月15日 下午4:38:07。
线性求解器 
求解的自由度数：55503。
-          当前进度:  19 % - 组装稀疏模式
Memory: 920/958 1063/1138
--         当前进度:  22 % - 组装矩阵
Memory: 1030/1054 1192/1217
---        当前进度:  37 % - 
Memory: 1028/1054 1189/1217
找到对称矩阵。
缩放因变量：
位移场 (comp1.u): 1
已使用正交零空间函数。
---        当前进度:  37 % - 矩阵分解
Memory: 820/1054 1009/1217
---        当前进度:  39 % - 矩阵分解
Memory: 1052/1184 1968/1968
------     当前进度:  65 % - 矩阵分解
Memory: 1261/1261 2063/2063
-------    当前进度:  77 % - 矩阵分解
Memory: 1354/1354 2084/2084
--------   当前进度:  82 % - 矩阵分解
Memory: 1398/1398 2092/2092
--------   当前进度:  88 % - 矩阵分解
Memory: 1416/1416 2092/2092
Iter      SolEst     Damping    Stepsize #Res #Jac #Sol   LinErr   LinRes
---------- 当前进度: 100 % - 求解线性方程组
Memory: 1396/1420 2072/2093
   1        0.64   1.0000000        0.64    1    1    1  1.7e-07  7.3e-10
求解时间：5 s。
物理内存: 1.42 GB
虚拟内存: 2.09 GB
结束时间：2026年7月15日 下午4:38:12。
----- 研究 1/解 1 (sol1) 中的“稳态求解器 1” --------------------------------------------->
类运行时: 17 s.
正在保存模型: G:\fg-meet-workbench\outputs\paper-20260715-fgmee\experiments\isomorphic_solid\comsol\comsol_isomorphic_magnetic_external_stress_20x_Model.mph
保存时间: 0 s.
总时间: 18 s.
---------- 当前进度: 100 % - 完成
Memory: 808/1420 1325/2093
