*******************************************
***COMSOL 6.0.0.318 progress output file***
*******************************************
Wed Jul 15 16:45:23 CST 2026
COMSOL Multiphysics 6.0 (开发版本: 318) 在批处理模式下启动
正在运行: G:\fg-meet-workbench\tools\comsol\RunCurvedSolidCfffValidation.class
---------- 当前进度: 100 % - 正在更新选择
Memory: 384/435 427/477
           当前进度:   0 % - 工作平面 1
Memory: 399/435 442/477
           当前进度:   0 % - 矩形 1
           当前进度:   6 % - 回转 1
Memory: 401/435 443/477
----       当前进度:  44 % - 形成联合体
Memory: 403/435 443/477
----       当前进度:  44 % - 执行布尔操作
Memory: 409/435 446/477
---------- 当前进度: 100 % - 正在更新选择
---------- 当前进度: 100 % - 正在创建可视化网格
Memory: 414/435 449/477
           当前进度:   0 % - 映射 1
Memory: 653/669 704/718
顶点单元数：4
边单元数：50
---        当前进度:  30 % - 正在定型网格
Memory: 655/669 704/718
---        当前进度:  30 % - 扫掠 1
顶点单元数：4
边单元数：50
边界单元数：48
顶点单元数：8
边单元数：160
边界单元数：1050
单元数：2250
最小单元质量：0.9841
---------- 当前进度: 100 % - 正在定型网格
Memory: 638/669 685/718
<---- 研究 1/解 1 (sol1) 中的“编译方程: 稳态” ---------------------------------------------
开始于 2026年7月15日 下午4:45:36。
几何形函数: 二次巧凑边点单元
在 12th Gen Intel(R) Core(TM) i7-12800HX 上运行。
在以下位置使用 1 个插槽： Cybing 上（共 24 个内核）。
可用内存：32.51 GB。
           当前进度:   2 % - 编译方程: 稳态
Memory: 694/716 745/765
           当前进度:   5 % - 编译方程: 稳态
Memory: 682/716 732/765
           当前进度:   5 % - 正在创建可视化网格
Memory: 709/716 756/765
时间：2。
物理内存: 715 MB
虚拟内存: 761 MB
结束时间：2026年7月15日 下午4:45:38。
----- 研究 1/解 1 (sol1) 中的“编译方程: 稳态” -------------------------------------------->
<---- 研究 1/解 1 (sol1) 中的“因变量 1” ------------------------------------------------
开始于 2026年7月15日 下午4:45:38。
           当前进度:   5 % - 因变量 1
Memory: 725/725 764/765
求解时间：0 s。
物理内存: 725 MB
虚拟内存: 764 MB
结束时间：2026年7月15日 下午4:45:38。
----- 研究 1/解 1 (sol1) 中的“因变量 1” ----------------------------------------------->
<---- 研究 1/解 1 (sol1) 中的“稳态求解器 1” ----------------------------------------------
开始于 2026年7月15日 下午4:45:38。
线性求解器 
求解的自由度数：31968。
-          当前进度:  19 % - 组装稀疏模式
Memory: 791/845 901/956
--         当前进度:  22 % - 组装矩阵
Memory: 856/858 977/978
找到对称矩阵。
缩放因变量：
位移场 (comp1.u): 1
已使用正交零空间函数。
---        当前进度:  37 % - 矩阵分解
Memory: 824/858 958/978
-------    当前进度:  75 % - 矩阵分解
Memory: 1144/1144 1738/1738
--------   当前进度:  86 % - 矩阵分解
Memory: 1171/1171 1738/1738
Iter      SolEst     Damping    Stepsize #Res #Jac #Sol   LinErr   LinRes
---------- 当前进度: 100 % - 求解线性方程组
Memory: 1158/1174 1722/1739
   1        0.74   1.0000000        0.74    1    1    1  6.7e-08  1.7e-07
求解时间：3 s。
物理内存: 1.17 GB
虚拟内存: 1.74 GB
结束时间：2026年7月15日 下午4:45:41。
----- 研究 1/解 1 (sol1) 中的“稳态求解器 1” --------------------------------------------->
类运行时: 18 s.
正在保存模型: G:\fg-meet-workbench\outputs\paper-20260715-fgmee\experiments\curvature_fg\comsol\comsol_curved_U_R0p4_15x15x10_meshcheck_Model.mph
保存时间: 0 s.
总时间: 18 s.
---------- 当前进度: 100 % - 完成
Memory: 767/1174 1275/1739
