*******************************************
***COMSOL 6.0.0.318 progress output file***
*******************************************
Wed Jul 15 16:44:59 CST 2026
COMSOL Multiphysics 6.0 (开发版本: 318) 在批处理模式下启动
正在运行: G:\fg-meet-workbench\tools\comsol\RunCurvedSolidCfffValidation.class
---------- 当前进度: 100 % - 正在更新选择
Memory: 419/425 463/468
           当前进度:   0 % - 工作平面 1
Memory: 366/425 411/468
           当前进度:   0 % - 矩形 1
           当前进度:   6 % - 回转 1
Memory: 368/425 412/468
----       当前进度:  44 % - 形成联合体
Memory: 370/425 412/468
----       当前进度:  44 % - 执行布尔操作
Memory: 377/425 416/468
---------- 当前进度: 100 % - 正在更新选择
---------- 当前进度: 100 % - 正在创建可视化网格
Memory: 388/425 425/468
           当前进度:   0 % - 映射 1
Memory: 667/683 729/752
顶点单元数：4
边单元数：40
---        当前进度:  30 % - 正在定型网格
Memory: 668/683 730/752
---        当前进度:  30 % - 扫掠 1
顶点单元数：8
边单元数：120
边界单元数：600
单元数：1000
最小单元质量：0.9761
---------- 当前进度: 100 % - 正在定型网格
Memory: 673/683 733/752
<---- 研究 1/解 1 (sol1) 中的“编译方程: 稳态” ---------------------------------------------
开始于 2026年7月15日 下午4:45:10。
几何形函数: 二次巧凑边点单元
在 12th Gen Intel(R) Core(TM) i7-12800HX 上运行。
在以下位置使用 1 个插槽： Cybing 上（共 24 个内核）。
可用内存：32.51 GB。
           当前进度:   2 % - 编译方程: 稳态
Memory: 688/718 745/774
           当前进度:   5 % - 编译方程: 稳态
Memory: 693/718 747/774
           当前进度:   5 % - 正在创建可视化网格
Memory: 720/720 773/774
时间：3。
物理内存: 721 MB
虚拟内存: 773 MB
结束时间：2026年7月15日 下午4:45:13。
----- 研究 1/解 1 (sol1) 中的“编译方程: 稳态” -------------------------------------------->
<---- 研究 1/解 1 (sol1) 中的“因变量 1” ------------------------------------------------
开始于 2026年7月15日 下午4:45:13。
           当前进度:   5 % - 因变量 1
Memory: 723/723 772/774
求解时间：0 s。
物理内存: 723 MB
虚拟内存: 772 MB
结束时间：2026年7月15日 下午4:45:13。
----- 研究 1/解 1 (sol1) 中的“因变量 1” ----------------------------------------------->
<---- 研究 1/解 1 (sol1) 中的“稳态求解器 1” ----------------------------------------------
开始于 2026年7月15日 下午4:45:13。
线性求解器 
求解的自由度数：14883。
---        当前进度:  37 % - 
Memory: 825/828 946/949
找到对称矩阵。
缩放因变量：
位移场 (comp1.u): 1
已使用正交零空间函数。
---        当前进度:  37 % - 矩阵分解
Memory: 833/867 965/987
--------   当前进度:  80 % - 矩阵分解
Memory: 927/927 1442/1442
Iter      SolEst     Damping    Stepsize #Res #Jac #Sol   LinErr   LinRes
   1        0.74   1.0000000        0.74    1    1    1    2e-08  1.4e-07
---------- 当前进度: 100 % - 求解线性方程组
Memory: 797/930 1253/1442
求解时间：1 s。
物理内存: 927 MB
虚拟内存: 1442 MB
结束时间：2026年7月15日 下午4:45:15。
----- 研究 1/解 1 (sol1) 中的“稳态求解器 1” --------------------------------------------->
类运行时: 17 s.
正在保存模型: G:\fg-meet-workbench\outputs\paper-20260715-fgmee\experiments\curvature_fg\comsol\comsol_curved_U_R0p4_10x10x10_meshcheck_Model.mph
保存时间: 0 s.
总时间: 17 s.
---------- 当前进度: 100 % - 完成
Memory: 798/930 1254/1442
