*******************************************
***COMSOL 6.0.0.318 progress output file***
*******************************************
Wed Jul 15 16:43:55 CST 2026
COMSOL Multiphysics 6.0 (开发版本: 318) 在批处理模式下启动
正在运行: G:\fg-meet-workbench\tools\comsol\RunCurvedSolidCfffValidation.class
---------- 当前进度: 100 % - 正在更新选择
Memory: 327/395 410/472
           当前进度:   0 % - 工作平面 1
Memory: 371/395 436/472
           当前进度:   0 % - 矩形 1
           当前进度:   6 % - 回转 1
Memory: 377/395 440/472
----       当前进度:  44 % - 形成联合体
Memory: 379/395 440/472
----       当前进度:  44 % - 执行布尔操作
Memory: 387/395 446/472
---------- 当前进度: 100 % - 正在更新选择
Memory: 388/395 446/472
---------- 当前进度: 100 % - 正在创建可视化网格
Memory: 410/410 462/472
           当前进度:   0 % - 映射 1
Memory: 645/647 696/701
顶点单元数：4
边单元数：60
---        当前进度:  30 % - 正在定型网格
Memory: 647/647 697/701
---        当前进度:  30 % - 扫掠 1
顶点单元数：4
边单元数：60
边界单元数：58
顶点单元数：8
边单元数：200
边界单元数：1600
单元数：4000
最小单元质量：0.988
---------- 当前进度: 100 % - 正在定型网格
Memory: 631/655 682/704
<---- 研究 1/解 1 (sol1) 中的“编译方程: 稳态” ---------------------------------------------
开始于 2026年7月15日 下午4:44:07。
几何形函数: 二次巧凑边点单元
在 12th Gen Intel(R) Core(TM) i7-12800HX 上运行。
在以下位置使用 1 个插槽： Cybing 上（共 24 个内核）。
可用内存：32.51 GB。
           当前进度:   5 % - 编译方程: 稳态
Memory: 696/720 745/775
           当前进度:   5 % - 正在创建可视化网格
Memory: 691/720 746/775
时间：2。
物理内存: 706 MB
虚拟内存: 758 MB
结束时间：2026年7月15日 下午4:44:09。
----- 研究 1/解 1 (sol1) 中的“编译方程: 稳态” -------------------------------------------->
<---- 研究 1/解 1 (sol1) 中的“因变量 1” ------------------------------------------------
开始于 2026年7月15日 下午4:44:09。
           当前进度:   5 % - 因变量 1
Memory: 701/720 744/775
求解时间：0 s。
物理内存: 701 MB
虚拟内存: 744 MB
结束时间：2026年7月15日 下午4:44:09。
----- 研究 1/解 1 (sol1) 中的“因变量 1” ----------------------------------------------->
<---- 研究 1/解 1 (sol1) 中的“稳态求解器 1” ----------------------------------------------
开始于 2026年7月15日 下午4:44:09。
线性求解器 
求解的自由度数：55503。
-          当前进度:  19 % - 组装稀疏模式
Memory: 852/892 998/1038
--         当前进度:  22 % - 组装矩阵
Memory: 985/985 1134/1134
找到对称矩阵。
缩放因变量：
位移场 (comp1.u): 1
已使用正交零空间函数。
---        当前进度:  37 % - 矩阵分解
Memory: 865/985 1016/1134
----       当前进度:  45 % - 矩阵分解
Memory: 1185/1185 2152/2152
------     当前进度:  64 % - 矩阵分解
Memory: 1358/1358 2155/2155
-------    当前进度:  78 % - 矩阵分解
Memory: 1438/1438 2155/2155
--------   当前进度:  85 % - 矩阵分解
Memory: 1485/1485 2159/2159
--------   当前进度:  88 % - 矩阵分解
Memory: 1502/1502 2159/2159
Iter      SolEst     Damping    Stepsize #Res #Jac #Sol   LinErr   LinRes
---------- 当前进度: 100 % - 求解线性方程组
Memory: 1477/1505 2134/2159
   1        0.74   1.0000000        0.74    1    1    1  2.9e-08  1.8e-07
求解时间：5 s。
物理内存: 1.5 GB
虚拟内存: 2.16 GB
结束时间：2026年7月15日 下午4:44:13。
----- 研究 1/解 1 (sol1) 中的“稳态求解器 1” --------------------------------------------->
类运行时: 18 s.
正在保存模型: G:\fg-meet-workbench\outputs\paper-20260715-fgmee\experiments\curvature_fg\comsol\comsol_curved_U_R0p4_20x20x10_final_Model.mph
保存时间: 0 s.
总时间: 19 s.
---------- 当前进度: 100 % - 完成
Memory: 839/1505 1338/2159
